PHPUnit 11.5.55 by Sebastian Bergmann and contributors.

Runtime:       PHP 8.2.12
Configuration: D:\projects\KV_SAAS_Auto_ERP\phpunit.xml

................................F.F.F......F..................... 65 / 98 ( 66%)
.F......F.F.FF........F.F........                                 98 / 98 (100%)

Time: 00:28.086, Memory: 72.00 MB

There were 11 failures:

1) Tests\Feature\FinanceEndpointsAuthenticatedTest::test_journal_entry_store_returns_created
Expected response status code [201] but received 422.
Failed asserting that 422 is identical to 201.

The following errors occurred during the last request:

{
    "message": "The created by field is required. (and 1 more error)",
    "errors": {
        "created_by": [
            "The created by field is required."
        ],
        "lines": [
            "The lines field is required."
        ]
    }
}

D:\projects\KV_SAAS_Auto_ERP\vendor\laravel\framework\src\Illuminate\Testing\TestResponseAssert.php:45
D:\projects\KV_SAAS_Auto_ERP\vendor\laravel\framework\src\Illuminate\Testing\TestResponse.php:175
D:\projects\KV_SAAS_Auto_ERP\tests\Feature\FinanceEndpointsAuthenticatedTest.php:907

2) Tests\Feature\FinanceEndpointsAuthenticatedTest::test_journal_entry_update_returns_entity
Expected response status code [200] but received 422.
Failed asserting that 422 is identical to 200.

The following errors occurred during the last request:

{
    "message": "The created by field is required. (and 1 more error)",
    "errors": {
        "created_by": [
            "The created by field is required."
        ],
        "lines": [
            "The lines field is required."
        ]
    }
}

D:\projects\KV_SAAS_Auto_ERP\vendor\laravel\framework\src\Illuminate\Testing\TestResponseAssert.php:45
D:\projects\KV_SAAS_Auto_ERP\vendor\laravel\framework\src\Illuminate\Testing\TestResponse.php:175
D:\projects\KV_SAAS_Auto_ERP\vendor\laravel\framework\src\Illuminate\Testing\Concerns\AssertsStatusCodes.php:16
D:\projects\KV_SAAS_Auto_ERP\tests\Feature\FinanceEndpointsAuthenticatedTest.php:940

3) Tests\Feature\FinanceEndpointsAuthenticatedTest::test_journal_entry_post_returns_entity
Expected response status code [200] but received 422.
Failed asserting that 422 is identical to 200.

The following errors occurred during the last request:

{
    "message": "The posted by field is required.",
    "errors": {
        "posted_by": [
            "The posted by field is required."
        ]
    }
}

D:\projects\KV_SAAS_Auto_ERP\vendor\laravel\framework\src\Illuminate\Testing\TestResponseAssert.php:45
D:\projects\KV_SAAS_Auto_ERP\vendor\laravel\framework\src\Illuminate\Testing\TestResponse.php:175
D:\projects\KV_SAAS_Auto_ERP\vendor\laravel\framework\src\Illuminate\Testing\Concerns\AssertsStatusCodes.php:16
D:\projects\KV_SAAS_Auto_ERP\tests\Feature\FinanceEndpointsAuthenticatedTest.php:972

4) Tests\Feature\FinanceEndpointsAuthenticatedTest::test_credit_memo_apply_returns_entity
Expected response status code [200] but received 422.
Failed asserting that 422 is identical to 200.

The following errors occurred during the last request:

{
    "message": "The invoice id field is required. (and 1 more error)",
    "errors": {
        "invoice_id": [
            "The invoice id field is required."
        ],
        "invoice_type": [
            "The invoice type field is required."
        ]
    }
}

D:\projects\KV_SAAS_Auto_ERP\vendor\laravel\framework\src\Illuminate\Testing\TestResponseAssert.php:45
D:\projects\KV_SAAS_Auto_ERP\vendor\laravel\framework\src\Illuminate\Testing\TestResponse.php:175
D:\projects\KV_SAAS_Auto_ERP\vendor\laravel\framework\src\Illuminate\Testing\Concerns\AssertsStatusCodes.php:16
D:\projects\KV_SAAS_Auto_ERP\tests\Feature\FinanceEndpointsAuthenticatedTest.php:1099

5) Tests\Feature\FinanceEndpointsAuthenticatedTest::test_bank_reconciliation_complete_returns_entity
Expected response status code [200] but received 422.
Failed asserting that 422 is identical to 200.

The following errors occurred during the last request:

{
    "message": "The completed by field is required.",
    "errors": {
        "completed_by": [
            "The completed by field is required."
        ]
    }
}

D:\projects\KV_SAAS_Auto_ERP\vendor\laravel\framework\src\Illuminate\Testing\TestResponseAssert.php:45
D:\projects\KV_SAAS_Auto_ERP\vendor\laravel\framework\src\Illuminate\Testing\TestResponse.php:175
D:\projects\KV_SAAS_Auto_ERP\vendor\laravel\framework\src\Illuminate\Testing\Concerns\AssertsStatusCodes.php:16
D:\projects\KV_SAAS_Auto_ERP\tests\Feature\FinanceEndpointsAuthenticatedTest.php:1513

6) Tests\Feature\FinanceEndpointsAuthenticatedTest::test_approval_request_store_returns_created
Expected response status code [201] but received 422.
Failed asserting that 422 is identical to 201.

The following errors occurred during the last request:

{
    "message": "The requested by user id field is required.",
    "errors": {
        "requested_by_user_id": [
            "The requested by user id field is required."
        ]
    }
}

D:\projects\KV_SAAS_Auto_ERP\vendor\laravel\framework\src\Illuminate\Testing\TestResponseAssert.php:45
D:\projects\KV_SAAS_Auto_ERP\vendor\laravel\framework\src\Illuminate\Testing\TestResponse.php:175
D:\projects\KV_SAAS_Auto_ERP\tests\Feature\FinanceEndpointsAuthenticatedTest.php:1641

7) Tests\Feature\FinanceEndpointsAuthenticatedTest::test_approval_request_update_returns_entity
Expected response status code [200] but received 422.
Failed asserting that 422 is identical to 200.

The following errors occurred during the last request:

{
    "message": "The requested by user id field is required. (and 1 more error)",
    "errors": {
        "requested_by_user_id": [
            "The requested by user id field is required."
        ],
        "status": [
            "The status field is required."
        ]
    }
}

D:\projects\KV_SAAS_Auto_ERP\vendor\laravel\framework\src\Illuminate\Testing\TestResponseAssert.php:45
D:\projects\KV_SAAS_Auto_ERP\vendor\laravel\framework\src\Illuminate\Testing\TestResponse.php:175
D:\projects\KV_SAAS_Auto_ERP\vendor\laravel\framework\src\Illuminate\Testing\Concerns\AssertsStatusCodes.php:16
D:\projects\KV_SAAS_Auto_ERP\tests\Feature\FinanceEndpointsAuthenticatedTest.php:1675

8) Tests\Feature\FinanceEndpointsAuthenticatedTest::test_approval_request_approve_returns_entity
Expected response status code [200] but received 422.
Failed asserting that 422 is identical to 200.

The following errors occurred during the last request:

{
    "message": "The resolved by user id field is required.",
    "errors": {
        "resolved_by_user_id": [
            "The resolved by user id field is required."
        ]
    }
}

D:\projects\KV_SAAS_Auto_ERP\vendor\laravel\framework\src\Illuminate\Testing\TestResponseAssert.php:45
D:\projects\KV_SAAS_Auto_ERP\vendor\laravel\framework\src\Illuminate\Testing\TestResponse.php:175
D:\projects\KV_SAAS_Auto_ERP\vendor\laravel\framework\src\Illuminate\Testing\Concerns\AssertsStatusCodes.php:16
D:\projects\KV_SAAS_Auto_ERP\tests\Feature\FinanceEndpointsAuthenticatedTest.php:1707

9) Tests\Feature\FinanceEndpointsAuthenticatedTest::test_approval_request_reject_returns_entity
Expected response status code [200] but received 422.
Failed asserting that 422 is identical to 200.

The following errors occurred during the last request:

{
    "message": "The resolved by user id field is required.",
    "errors": {
        "resolved_by_user_id": [
            "The resolved by user id field is required."
        ]
    }
}

D:\projects\KV_SAAS_Auto_ERP\vendor\laravel\framework\src\Illuminate\Testing\TestResponseAssert.php:45
D:\projects\KV_SAAS_Auto_ERP\vendor\laravel\framework\src\Illuminate\Testing\TestResponse.php:175
D:\projects\KV_SAAS_Auto_ERP\vendor\laravel\framework\src\Illuminate\Testing\Concerns\AssertsStatusCodes.php:16
D:\projects\KV_SAAS_Auto_ERP\tests\Feature\FinanceEndpointsAuthenticatedTest.php:1723

10) Tests\Feature\FinanceEndpointsAuthenticatedTest::test_ap_transaction_store_returns_created
Expected response status code [201] but received 422.
Failed asserting that 422 is identical to 201.

The following errors occurred during the last request:

{
    "message": "The selected transaction type is invalid.",
    "errors": {
        "transaction_type": [
            "The selected transaction type is invalid."
        ]
    }
}

D:\projects\KV_SAAS_Auto_ERP\vendor\laravel\framework\src\Illuminate\Testing\TestResponseAssert.php:45
D:\projects\KV_SAAS_Auto_ERP\vendor\laravel\framework\src\Illuminate\Testing\TestResponse.php:175
D:\projects\KV_SAAS_Auto_ERP\tests\Feature\FinanceEndpointsAuthenticatedTest.php:1893

11) Tests\Feature\FinanceEndpointsAuthenticatedTest::test_ap_transaction_update_returns_entity
Expected response status code [200] but received 422.
Failed asserting that 422 is identical to 200.

The following errors occurred during the last request:

{
    "message": "The selected transaction type is invalid.",
    "errors": {
        "transaction_type": [
            "The selected transaction type is invalid."
        ]
    }
}

D:\projects\KV_SAAS_Auto_ERP\vendor\laravel\framework\src\Illuminate\Testing\TestResponseAssert.php:45
D:\projects\KV_SAAS_Auto_ERP\vendor\laravel\framework\src\Illuminate\Testing\TestResponse.php:175
D:\projects\KV_SAAS_Auto_ERP\vendor\laravel\framework\src\Illuminate\Testing\Concerns\AssertsStatusCodes.php:16
D:\projects\KV_SAAS_Auto_ERP\tests\Feature\FinanceEndpointsAuthenticatedTest.php:1931

FAILURES!
Tests: 98, Assertions: 240, Failures: 11, PHPUnit Deprecations: 4.
